I'm sorry, but errors were detected in your script. Please correct the
errors listed below, and try again.


File "game/chapters/aa_The_Disasters.rpy", line 240: is not terminated with a newline. (Check strings and parenthesis.)
(Perhaps you left out a " at the end of the first line.)
                t "However, we've been having problems getting the word out.

Ren'Py Version: Ren'Py 7.2.2.491
Wed Apr 22 10:32:38 2020
